[
  "ENCLOSURE A \n \nRESPONSIBILITIES \n \n1.  Responsibilities \n \n \na.  Chairman of the Joint Chiefs of Staff (CJCS).  The CJCS shall provide a \ntelework program for Joint Staff employees in compliance with references a, b, \nand c and Title 5, U.S. Code (U.S.C.), sections 6501 through 6506 as added by \nthe Telework Enhancement Act of 2010 (Public Law 111-292). \n \n \nb.  Director for Manpower and Personnel, Joint Staff (DJ-1) \n \n \n \n(1)  Provides implementing program documents and specific guidance on \nTelework Program elements. \n \n \n \n(2)  Ensures supervisors designate positions to indicate telework \neligibility and require documentation in the position record in the Defense \nCivilian Personnel Data System.  Provides guidance on making a telework \nposition determination when establishing new positions or filling vacant \npositions that were not previously designated for telework eligibility.  Provides \nall Joint Staff employees with telework eligibility information and requirements. \n \n \n \n(3)  Ensures timekeeping records related to telework are maintained in \nthe Joint Staff Financial Management System, the Defense Agency Initiative, \nfor use in annual reporting requirements as necessary. \n \n \n \n(4)  Requires employees who are eligible to telework and their supervisors \nto be fully trained on telework procedures including information technology, \ndata security, and safety requirements consistent with DoD guidance. \n \n \n \n(5)  Requires all employees who are authorized to telework to complete a \nDoD Telework Agreement. \n \n \n \n(6)  Designates a Joint Staff Telework Program Manager.  This person \nmust have extensive knowledge of the Joint Staff Telework Program and follow \npublic law and any relevant DoD or CJCS regulations.\n \nc.  Vice Director, Joint Staff (VDJS), Vice Directors of Joint Staff Directorates \n(J-Dirs), and Deputy Director, Directorate of Management (DOM).  The VDJS, \nthe Vice Directors of each J-Dir, and the Deputy Director, DOM shall serve as \nthe approval authority for telework participation by the personnel assigned \nwithin their respective organizations.  Further delegation of approval authority \nis not authorized. \n \n \nd.  Resource Management Council.  The Resource Management Council \nshall review this instruction on an annual basis. \n \n \ne.  Joint Staff Telework Program Manager \n \n \n \n(1)  Actively promotes telework within the Joint Staff, consistent with \naccomplishing assigned missions.  Additionally, the Program Manager will \nmake every effort to overcome artificial barriers to program implementation \nthrough education and training for leadership and supervisors on telework \nbenefits, performance in a telework environment and the value of integrating \ntelework into COOP activities. \n \n \n \n(2)  Represents the interests of the Joint Staff as the primary telework \nliaison and point of contact.  Keeps abreast of telework matters and ensures \nthe Joint Staff is informed of new and updated criteria and requirements \naffecting the Joint Staff. \n \n \n \n(3)  Updates and revises this instruction, as required. \n \n \n \n(4)  Ensures appropriate telework criteria are incorporated in Joint Staff \nregulations, manuals, pamphlets, policy, programs, and documents. \n \n \n \n(5)  Provides coordination on telework issues for Joint Staff employees in \nresponse to an emergency, contingency, pandemic or natural disaster. \n \n \n \n(6)  Monitors and assesses Joint Staff telework implementation to ensure \ncompliance with this instruction. \n \n \n \n(7)  Provides managers and employees with the training and techniques \nthey will need for successful telework arrangements. \n \n \n \n(8)  Provides advice and guidance to the teleworker and/or supervisor \nregarding the telework agreement.\n \nf.  Supervisors \n \n \n \n(1)  Participate in telework training prior to recommending approval of \nemployee telework agreements and participate in required annual telework \ntraining to stay abreast of telework policy changes. \n \n \n \n(2)  Determine employee eligibility for regular and recurring or situational \ntelework consistent with the requirements of Enclosure C. \n \n \n \n(3)  Notify employees of their eligibility to telework and inform them \nwhether their duties are designated as mission critical. \n \n \n \n(4)  Obtain approval or denial for telework requests, within the time \nframe established by this instruction, based upon mission requirements, \nemployee performance, conduct and the needs of the work group.  If \nemployee/position is eligible, obtain approval by the Vice Director of each J-Dir \nor Deputy Director, DOM on the DoD Telework Agreement and provide a copy \nto the J-1 Program Manager and Military Secretariat (MilSec).  The Deputy \nDirector, DOM is the approval authority for telework agreements for OCJCS \nand DOM organization employees.  If denied, justify and document in writing \nthe basis for denial or termination of telework on the DoD Telework Agreement.  \nInclude information about when the employee may reapply or actions that the \nemployee should take to improve his or her chance of approval, when \napplicable. \n \n \n \n(5)  Will not approve more than 1 day per week (2 workdays per pay \nperiod) for regular, recurring telework, except when ad hoc telework \nrequirements apply or as authorized by the Director, Joint Staff in response to \nexceptional circumstances that restrict access to the official duty station.  \nExceptions to the 1 day per week or 2 workdays per pay period requirement \nmay be granted by the Vice Director of each J-Dir or Deputy Director, DOM on \na case-by-case basis, but the agreed-upon conditions must be documented in \nthe telework agreement and the performance standards must be met per \nEnclosure D. \n \n \n \n(6)  Communicate expectations to employees regarding their work \nassignments to accomplish under an approved telework agreement. \n \n \n \n(7)  Execute a formal telework agreement with employees to document \nthe parameters of the assignment per paragraph 1.f.(9) below.\n \n \n(8)  Ensure employees adhere to the terms and conditions of their \ntelework agreements, including all applicable security provisions to protect U.S. \nGovernment (USG) records from unauthorized disclosure. \n \n \n \n(9)  Verify employee compliance with use of the designated alternate work \nlocation, completion of required work hours (reference d), use of proper \ntimekeeping codes, maintenance of schedules, satisfaction of work \nrequirements, and use of communications methods as specified in the telework \nagreement. \n \n \n \n(10)  Ensure adequate worksite coverage during business hours to \nensure that mission operations continue to be carried out efficiently and \neffectively and teleworkers and on-site employees are treated equitably. \n \n \n \n(11)  Ensure teleworkers are held accountable for government-furnished \nequipment (GFE) (see Enclosure G). \n \n \n \n(12)  Plan and track periodically the telework capabilities of each of their \nemployees authorized to telework, (e.g., Internet access, e-mail access, etc.).  \nRequest additional remote SIPRNET capability, if required. \n \n \n \n(13)  Terminate telework arrangements if an employeeâ€™s performance \ndoes not comply with the terms of the telework agreement or if the teleworking \narrangement fails to meet organizational needs. \n \n \n \n(14)  Ensure all telework is recorded accurately and attendance records \ncomply with DoD guidance and policies concerning the request for and use of \novertime, compensatory time, and leave. \n \n \n \n(15)  Provide copies of completed telework packages to the appropriate \nMilSec and the J-1 Telework Program Manager. \n \n \ng.  Employees \n \n \n \n(1)  Review the Joint Staff telework policies, participate in telework \ntraining prior to entering into a written telework agreement, and seek the \nadvice and assistance of the local Human Resources (HR) Specialist, if \nnecessary. \n \n \n \n(2)  Seek prior approval to telework from immediate supervisor.\n \n \n(3)  Designate one area in the residence or other designated alternate \nwork location as the official workstation for purposes of telework, and ensure \narea complies with safety requirements. \n \n \n \n(4)  Protect all official, sensitive, and for official use only data; comply \nwith all criteria and guidelines for information and electronic security. \n \n \n \n(5)  Safeguard and ensure appropriate use of GFE. \n \n \n \n(6)  Work at the official duty station on scheduled telework days if called \nfor by mission requirements.  On telework days, work at the alternate work \nlocation identified in the telework agreement.  Request a modification to the \ntelework agreement if the alternate work location changes. \n \n \n \n(7)  Contact the supervisor to request unscheduled telework to \naccommodate unanticipated personal circumstances or when Joint Staff \nemployees are provided the option of unscheduled telework (reference e). \n \n \n \n(8)  Communicate with the supervisor if there are any issues or concerns \nwhile teleworking. \n \n \n \n(9)  Report all telework accurately on time and attendance records.  \nObserve all policies concerning the request for and use of overtime, \ncompensatory time, and leave per references a and b. \n \n \n \n(10)  Do not use telework as a substitute for dependent care (e.g., child \ncare or elder care). \n \n \n \n(11)  Notify the supervisor immediately of any accident or injury while \nteleworking. \n \n \n \n(12)  Maintain a performance rating of fully successful or higher. \n \n \n \n(13)  Ensure necessary information technology requirements are current \nand maintained at all times to enable or facilitate telework.  Failure to do this \nrequires the employee to work at the official duty station until the equipment is \nfully functional. \n \n \n \n(14)  Attend office meetings virtually while teleworking, as required.  \nEmployees shall become user proficient in the use of virtual presentation tools \nused by their respective J-Dir to allow for participation in meetings while \nteleworking.\n \n \n(15)  Comply with all DoD/Washington Headquarters Services/Defense \nLogistics Agency (DLA)/Joint Staff specific policies regarding ethics, standards \nof conduct, and use of government equipment, and acknowledge associated \npenalties.",
  "6. Responsibilities. See Enclosure A."
]
