{
    "all_sections": [
        ["Every 2 years, the DA DCMO will conduct a recertification of all established SCPs.  Component heads will be asked to review and submit justification for the continued need for the SCP or its deletion from the approved list. "],
        [
            "GLOSSARY ",
            "G.1.  ACRONYMS. ",
            "DA ODCMO",
            "Director of Administration, Office of the Deputy Chief Management Officer of the Department of Defense ",
            "HRD ",
            "Human Resources Directorate "
        ],
        [
            "REFERENCES",
            "Deputy Secretary of Defense Memorandum",
            "Reorganization of the Office of the Deputy Chief"
        ]
    ]
}
