["\n2.  Purpose.  To define responsibility of maintaining pay and \npersonnel records (ESR). \n  "]
