["\n \n    a.  Purpose.  In accordance with references (a) through (q) this Marine \nCorps Bulletin (MCBUL) establishes a codified, standardized, and repeatable \nprocess to identify, assess, prioritize, and reduce cyber-related risk in \nweapon systems and their critical supporting infrastructure.   "]
