["1. Purpose.  This instruction provides policy and establishes responsibilities\nand procedures for determining, validating, documenting, and maintaining\njoint manpower requirements.  It also provides policy for maintaining personnel\ndata as part of the Joint Manpower and Personnel Program (JMPP).  The JMPP\nconsists of two subsets:  the Joint Manpower Program (JMP) and the Joint\nPersonnel Program (JPP)."]