{
        "all_sections": [
        [
            "Enclosures ",
            "1.  References ",
            "2.  Responsibilities ",
            "3.  Procedures ",
            "Glossary "
        ],
        ["ENCLOSURE 1"],
        ["REFERENCES"]
    ]
}
