{"all_sections": [["439 of Title 37, United States Code (U.S.C.). "], ["DoDI 1341.12, October 31, 2019 "], ["TABLE OF CONTENTS ", "2 ", "TABLE OF CONTENTS ", " ", "SECTION 1:  GENERAL ISSUANCE INFORMATION .............................................................................. 3 ", "1.1.  Applicability. .................................................................................................................... 3 ", "1.2.  Policy. ............................................................................................................................... 3 ", "1.3.  Information Collections. ................................................................................................... 3 ", "SECTION 2:  RESPONSIBILITIES ......................................................................................................... 4 ", "2.1.  Assistant Secretary of Defense for Health Affairs (ASD(HA)). ....................................... 4 ", "2.2.  DASD(HSP&O). ............................................................................................................... 4 ", "2.3.  ATSD(PA). ....................................................................................................................... 5 ", "2.4.  Secretaries of the Military Departments. .......................................................................... 5 ", "SECTION 3:  SCAADL PROGRAM IMPLEMENTATION GUIDANCE ..................................................... 6 ", "SECTION 4:  SCAADL PROGRAM ELIGIBILITY DETERMINATIONS ................................................... 8 ", "4.1.  SCAADL Program Criteria............................................................................................... 8 ", "a.  Eligibility........................................................................................................................ 8 ", "b.  Ineligibility. .................................................................................................................... 8 ", "c.  Application. .................................................................................................................... 9 ", "d.  Appellate Review. ........................................................................................................ 10 ", "4.2.  Final Authority. ............................................................................................................... 10 ", "SECTION 5:  SCAADL DESIGNATION PROCEDURES....................................................................... 11 ", "5.1.  SCAADL Program Information Requirements. ............................................................. 11 ", "5.2.  Determination of Compensation Level. .......................................................................... 11 ", "5.3.  Removal From the SCAADL Program. .......................................................................... 12 ", "SECTION 6:  LEVEL OF MONTHLY COMPENSATION ........................................................................ 14 ", "6.1.  Overview. ........................................................................................................................ 14 ", "6.2.  Three-Tier System. ......................................................................................................... 14 ", "6.3.  SCAADL Determination. ............................................................................................... 15 ", "GLOSSARY ..................................................................................................................................... 17 ", "G.1.  Acronyms. ...................................................................................................................... 17 ", "G.2.  Definitions. ..................................................................................................................... 17 ", "REFERENCES .................................................................................................................................. 19 ", " ", "TABLES ", "Table 1.  Three-Tier System ......................................................................................................... 14 ", "Table 2.  Example of Three-Step Process ..................................................................................... 15 "], ["DoDI 1341.12, October 31, 2019 "], ["SECTION 1:  GENERAL ISSUANCE INFORMATION "], ["3 "], ["SECTION 1:  GENERAL ISSUANCE INFORMATION "], ["1.1.  APPLICABILITY.  This issuance applies to OSD, the Military"]]}