{
    "all_sections": [
        ["439 of Title 37, United States Code (U.S.C.). "],
        ["TABLE OF CONTENTS "],
        ["DoDI 5400.11 and DoD 5400.11-R. "],
        ["e.  Comply with the privacy procedures outlined in DoD Manual 6025.18, DoDI 1000.30, "]
    ]
}
